error[E0603]: module `expr` is private
 --> $DIR/diag_msg_uppercase_start.rs:3:23
  |
3 | use marker_api::{ast::expr::ExprKind, context::MarkerContext};
  |                       ^^^^ private module
  |
note: the module `expr` is defined here
 --> /home/xfrednet/workspace/rust/marker/marker_api/src/ast.rs:5:1
  |
5 | mod expr;
  | ^^^^^^^^
help: consider importing this enum instead
  |
3 | use marker_api::{marker_api::prelude::ExprKind, context::MarkerContext};
  |                  ~~~~~~~~~~~~~~~~~~~~~~~~~~~~~

error: aborting due to previous error

For more information about this error, try `rustc --explain E0603`.
